// Jest Snapshot v1, https://goo.gl/fbAQLP

exports[`AnswerInputs is matched with snapshot 1`] = `ShallowWrapper {}`;
